dsklfdkj
